C:\Users\JuanC\OneDrive\Documentos\UTN\TUP\2do año\Laboratorio de Computacion 3 - Luciano Salotto\retail\retail\src\main\java\ar\edu\utn\frbb\tup\retail\model\VentaOnLine.java
C:\Users\JuanC\OneDrive\Documentos\UTN\TUP\2do año\Laboratorio de Computacion 3 - Luciano Salotto\retail\retail\src\main\java\ar\edu\utn\frbb\tup\retail\model\Configurable.java
C:\Users\JuanC\OneDrive\Documentos\UTN\TUP\2do año\Laboratorio de Computacion 3 - Luciano Salotto\retail\retail\src\main\java\ar\edu\utn\frbb\tup\retail\model\App.java
C:\Users\JuanC\OneDrive\Documentos\UTN\TUP\2do año\Laboratorio de Computacion 3 - Luciano Salotto\retail\retail\src\main\java\ar\edu\utn\frbb\tup\retail\model\Categoria.java
C:\Users\JuanC\OneDrive\Documentos\UTN\TUP\2do año\Laboratorio de Computacion 3 - Luciano Salotto\retail\retail\src\main\java\ar\edu\utn\frbb\tup\retail\model\Configuracion.java
C:\Users\JuanC\OneDrive\Documentos\UTN\TUP\2do año\Laboratorio de Computacion 3 - Luciano Salotto\retail\retail\src\main\java\ar\edu\utn\frbb\tup\retail\model\Producto.java
C:\Users\JuanC\OneDrive\Documentos\UTN\TUP\2do año\Laboratorio de Computacion 3 - Luciano Salotto\retail\retail\src\main\java\ar\edu\utn\frbb\tup\retail\model\VendibleOnLine.java
C:\Users\JuanC\OneDrive\Documentos\UTN\TUP\2do año\Laboratorio de Computacion 3 - Luciano Salotto\retail\retail\src\main\java\ar\edu\utn\frbb\tup\retail\model\Venta.java
